RAM Allocation [bytes]
Variable                                                                          Address   Size
------------------------------------------------------------------------------------------------
__ds18b20_scratch_pad                                                             0x0264       9
Temp                                                                              0x026D       4
lcd_buff                                                                          0x0271      16
sDay                                                                              0x0281       1
menu_selector                                                                     0x0282       1
_base_y                                                                           0x0283       4
_lcd_x                                                                            0x0287       1
_lcd_y                                                                            0x0288       1
_lcd_maxx                                                                         0x0289       1
_seed                                                                             0x028A       4

EEPROM Allocation [bytes]
Variable                                                                          Address   Size
------------------------------------------------------------------------------------------------
Year_century                                                                      0x0000       1

Register Allocation
Variable                                                                          Register  Size
------------------------------------------------------------------------------------------------
Hour                                                                              R5           1
Minute                                                                            R4           1
Second                                                                            R7           1
Year                                                                              R6           1
Month                                                                             R9           1
Day                                                                               R8           1
Weekday                                                                           R11          1
sYear                                                                             R12,R13      2
sMonth                                                                            R10          1

FLASH Allocation [words]
Function                                                                          Address   Size
------------------------------------------------------------------------------------------------
timer2_ovf_isr                                                                    0x0009F     31
main                                                                              0x000BE    109
main_loop                                                                         0x0012B    202
time_date_functions                                                               0x001F5    116
isLeapYear                                                                        0x00269     40
Georgian2Solar                                                                    0x00291    745
define_char                                                                       0x0057A     26
rtc_init                                                                          0x00594     25
rtc_get_time                                                                      0x005AD     24
rtc_get_date                                                                      0x005C5     27
ds18b20_select                                                                    0x005E0     34
ds18b20_read_spd                                                                  0x00602     42
ds18b20_temperature                                                               0x0062C     76
_lcd_write_nibble_G102                                                            0x00678     20
_lcd_write_data                                                                   0x0068C     12
lcd_write_byte                                                                    0x00698      8
lcd_gotoxy                                                                        0x006A0     17
lcd_clear                                                                         0x006B1     14
lcd_putchar                                                                       0x006BF     32
lcd_puts                                                                          0x006DF     17
lcd_init                                                                          0x006F0     47
ftrunc                                                                            0x0071F     49
floor                                                                             0x00750     21
put_buff_G104                                                                     0x00765     58
_ftoe_G104                                                                        0x0079F    210
_print_G104                                                                       0x00871    538
sprintf                                                                           0x00A8B     52
bcd2bin                                                                           0x00ABF     13
ftoa                                                                              0x00ACC    194
strcpyf                                                                           0x00B8E     13
strlen                                                                            0x00B9B     12
strlenf                                                                           0x00BA7     13
